Adventure Game Compiler Version 3.14
Copyright (C) 1984 Sierra On-Line, Inc.
rm0.cg:
   Logic size:   5510 bytes
   Message size: 5573 bytes
rm1.cg:
   Logic size:   477 bytes
   Message size: 76 bytes
rm2.cg:
   Logic size:   802 bytes
   Message size: 6868 bytes
rm3.cg:
   Logic size:   802 bytes
   Message size: 7450 bytes
rm4.cg:
   Logic size:   802 bytes
   Message size: 6566 bytes
rm6.cg:
   Logic size:   306 bytes
   Message size: 986 bytes
rm8.cg:
   Logic size:   671 bytes
   Message size: 601 bytes
rm9.cg:
   Logic size:   498 bytes
   Message size: 296 bytes
rm10.cg:
   Logic size:   1363 bytes
   Message size: 2305 bytes
rm11.cg:
   Logic size:   903 bytes
   Message size: 1090 bytes
rm12.cg:
   Logic size:   3038 bytes
   Message size: 3327 bytes
rm13.cg:
   Logic size:   1478 bytes
   Message size: 2207 bytes
rm14.cg:
   Logic size:   977 bytes
   Message size: 1500 bytes
rm15.cg:
   Logic size:   2988 bytes
   Message size: 4628 bytes
rm16.cg:
   Logic size:   1906 bytes
   Message size: 3135 bytes
rm17.cg:
   Logic size:   2463 bytes
   Message size: 2538 bytes
rm19.cg:
   Logic size:   226 bytes
   Message size: 230 bytes
rm20.cg:
   Logic size:   81 bytes
   Message size: 87 bytes
rm21.cg:
   Logic size:   1735 bytes
   Message size: 3441 bytes
rm22.cg:
   Logic size:   2042 bytes
   Message size: 4220 bytes
rm23.cg:
   Logic size:   765 bytes
   Message size: 1562 bytes
rm24.cg:
   Logic size:   2127 bytes
   Message size: 1721 bytes
rm25.cg:
   Logic size:   1921 bytes
   Message size: 3596 bytes
rm31.cg:
   Logic size:   719 bytes
   Message size: 686 bytes
rm32.cg:
   Logic size:   1037 bytes
   Message size: 1351 bytes
rm33.cg:
   Logic size:   495 bytes
   Message size: 504 bytes
rm34.cg:
   Logic size:   966 bytes
   Message size: 3060 bytes
rm35.cg:
   Logic size:   1265 bytes
   Message size: 1185 bytes
rm36.cg:
   Logic size:   1666 bytes
   Message size: 6991 bytes
rm37.cg:
   Logic size:   748 bytes
   Message size: 935 bytes
rm38.cg:
   Logic size:   3099 bytes
   Message size: 2025 bytes
rm40.cg:
   Logic size:   1370 bytes
   Message size: 2511 bytes
rm41.cg:
   Logic size:   1862 bytes
   Message size: 4151 bytes
rm42.cg:
   Logic size:   3406 bytes
   Message size: 4273 bytes
rm43.cg:
   Logic size:   3142 bytes
   Message size: 3625 bytes
rm44.cg:
   Logic size:   870 bytes
   Message size: 898 bytes
rm45.cg:
   Logic size:   2240 bytes
   Message size: 3176 bytes
rm50.cg:
   Logic size:   113 bytes
   Message size: 3 bytes
rm51.cg:
   Logic size:   377 bytes
   Message size: 19 bytes
rm52.cg:
   Logic size:   486 bytes
   Message size: 381 bytes
rm53.cg:
   Logic size:   3 bytes
   Message size: 2453 bytes
rm54.cg:
   Logic size:   7 bytes
   Message size: 785 bytes
rm55.cg:
   Logic size:   274 bytes
   Message size: 950 bytes
rm56.cg:
   Logic size:   437 bytes
   Message size: 322 bytes
rm57.cg:
   Logic size:   1327 bytes
   Message size: 1117 bytes
rm58.cg:
   Logic size:   87 bytes
   Message size: 189 bytes
